[root@master ~]# kubectl get nodes
NAME                  STATUS   ROLES           AGE   VERSION
master.example.com    Ready    control-plane   31d   v1.31.2
worker1.example.com   Ready    <none>          31d   v1.31.2
worker2.example.com   Ready    <none>          31d   v1.31.2
worker3.example.com   Ready    <none>          31d   v1.31.2
[root@master ~]#




[root@master ~]# kubectl get pods -A
NAMESPACE     NAME                                         READY   STATUS    RESTARTS        AGE
cdi           cdi-apiserver-74dcb7f4c5-hvlsh               1/1     Running   1 (9m30s ago)   14m
cdi           cdi-deployment-546cdb5fcd-ttdsr              1/1     Running   2 (7m16s ago)   14m
cdi           cdi-operator-59c7548cfb-ncs8t                1/1     Running   1 (9m30s ago)   14m
cdi           cdi-uploadproxy-66448dc879-zfxvf             1/1     Running   1 (8m9s ago)    14m
kube-system   calico-kube-controllers-b8d8894fb-85mk5      1/1     Running   3 (8m9s ago)    31d
kube-system   calico-node-6snr2                            1/1     Running   5 (9m30s ago)   31d
kube-system   calico-node-7qhxz                            1/1     Running   3 (8m9s ago)    31d
kube-system   calico-node-lxhds                            1/1     Running   3 (9m33s ago)   31d
kube-system   calico-node-tn2wp                            1/1     Running   3 (8m13s ago)   31d
kube-system   coredns-7c65d6cfc9-hccp7                     1/1     Running   3 (8m13s ago)   31d
kube-system   coredns-7c65d6cfc9-kbfzc                     1/1     Running   3 (8m13s ago)   31d
kube-system   etcd-master.example.com                      1/1     Running   4 (8m13s ago)   31d
kube-system   kube-apiserver-master.example.com            1/1     Running   4 (8m13s ago)   31d
kube-system   kube-controller-manager-master.example.com   1/1     Running   4 (8m13s ago)   31d
kube-system   kube-proxy-b6npw                             1/1     Running   5 (9m30s ago)   31d
kube-system   kube-proxy-fcmdt                             1/1     Running   3 (8m13s ago)   31d
kube-system   kube-proxy-pgrjl                             1/1     Running   3 (8m9s ago)    31d
kube-system   kube-proxy-tb4zn                             1/1     Running   3 (9m33s ago)   31d
kube-system   kube-scheduler-master.example.com            1/1     Running   4 (8m13s ago)   31d
kubevirt      virt-api-5f9f64fd4d-fgthw                    1/1     Running   2 (8m13s ago)   21m
kubevirt      virt-api-5f9f64fd4d-wgkjt                    1/1     Running   2 (8m13s ago)   21m
kubevirt      virt-controller-7c8d6577b6-f6v84             1/1     Running   2 (8m13s ago)   20m
kubevirt      virt-controller-7c8d6577b6-k4dzn             1/1     Running   2 (8m13s ago)   20m
kubevirt      virt-handler-4bk2q                           1/1     Running   1 (8m9s ago)    20m
kubevirt      virt-handler-4ztx9                           1/1     Running   1 (9m33s ago)   20m
kubevirt      virt-handler-qntgx                           1/1     Running   1 (9m30s ago)   20m
kubevirt      virt-operator-79456d8689-lvhkv               1/1     Running   2 (7m14s ago)   22m
kubevirt      virt-operator-79456d8689-wvzqz               1/1     Running   1 (9m44s ago)   22m

Multus CNI installation procedure


[root@master ~]# kubectl apply -f https://raw.githubusercontent.com/k8snetworkplumbingwg/multus-cni/master/deployments/multus-daemonset.yml
customresourcedefinition.apiextensions.k8s.io/network-attachment-definitions.k8s.cni.cncf.io created
clusterrole.rbac.authorization.k8s.io/multus created
clusterrolebinding.rbac.authorization.k8s.io/multus created
serviceaccount/multus created
configmap/multus-cni-config created
daemonset.apps/kube-multus-ds created

Dir of multus CNI

[root@master ~]# cd /etc/cni/net.d/
[root@master net.d]# ls
10-calico.conflist  calico-kubeconfig
[root@master net.d]# cat 10-calico.conflist
{
  "name": "k8s-pod-network",
  "cniVersion": "0.3.1",
  "plugins": [
    {
      "type": "calico",
      "log_level": "info",
      "log_file_path": "/var/log/calico/cni/cni.log",
      "datastore_type": "kubernetes",
      "nodename": "master.example.com",
      "mtu": 0,
      "ipam": {
          "type": "calico-ipam"
      },
      "policy": {
          "type": "k8s"
      },
      "kubernetes": {
          "kubeconfig": "/etc/cni/net.d/calico-kubeconfig"
      }
    },
    {
      "type": "portmap",
      "snat": true,
      "capabilities": {"portMappings": true}
    },
    {
      "type": "bandwidth",
      "capabilities": {"bandwidth": true}
    }
  ]


Herein we can multus pods are scheduled as daemonset 


NAMESPACE     NAME                                         READY   STATUS     RESTARTS      AGE
cdi           cdi-apiserver-74dcb7f4c5-hvlsh               1/1     Running    1 (12m ago)   17m
cdi           cdi-deployment-546cdb5fcd-ttdsr              1/1     Running    2 (10m ago)   17m
cdi           cdi-operator-59c7548cfb-ncs8t                1/1     Running    1 (12m ago)   17m
cdi           cdi-uploadproxy-66448dc879-zfxvf             1/1     Running    1 (11m ago)   17m
kube-system   calico-kube-controllers-b8d8894fb-85mk5      1/1     Running    3 (11m ago)   31d
kube-system   calico-node-6snr2                            1/1     Running    5 (12m ago)   31d
kube-system   calico-node-7qhxz                            1/1     Running    3 (11m ago)   31d
kube-system   calico-node-lxhds                            1/1     Running    3 (12m ago)   31d
kube-system   calico-node-tn2wp                            1/1     Running    3 (11m ago)   31d
kube-system   coredns-7c65d6cfc9-hccp7                     1/1     Running    3 (11m ago)   31d
kube-system   coredns-7c65d6cfc9-kbfzc                     1/1     Running    3 (11m ago)   31d
kube-system   etcd-master.example.com                      1/1     Running    4 (11m ago)   31d
kube-system   kube-apiserver-master.example.com            1/1     Running    4 (11m ago)   31d
kube-system   kube-controller-manager-master.example.com   1/1     Running    4 (11m ago)   31d
kube-system   kube-multus-ds-66wx6                         0/1     Init:0/1   0             50s
kube-system   kube-multus-ds-7bjcb                         0/1     Init:0/1   0             50s
kube-system   kube-multus-ds-9hg2n                         0/1     Init:0/1   0             50s
kube-system   kube-multus-ds-kfwvp                         0/1     Init:0/1   0             50s
kube-system   kube-proxy-b6npw                             1/1     Running    5 (12m ago)   31d
kube-system   kube-proxy-fcmdt                             1/1     Running    3 (11m ago)   31d
kube-system   kube-proxy-pgrjl                             1/1     Running    3 (11m ago)   31d
kube-system   kube-proxy-tb4zn                             1/1     Running    3 (12m ago)   31d
kube-system   kube-scheduler-master.example.com            1/1     Running    4 (11m ago)   31d
kubevirt      virt-api-5f9f64fd4d-fgthw                    1/1     Running    2 (11m ago)   24m
kubevirt      virt-api-5f9f64fd4d-wgkjt                    1/1     Running    2 (11m ago)   24m
kubevirt      virt-controller-7c8d6577b6-f6v84             1/1     Running    2 (11m ago)   24m
kubevirt      virt-controller-7c8d6577b6-k4dzn             1/1     Running    2 (11m ago)   24m
kubevirt      virt-handler-4bk2q                           1/1     Running    1 (11m ago)   24m
kubevirt      virt-handler-4ztx9                           1/1     Running    1 (12m ago)   24m
kubevirt      virt-handler-qntgx                           1/1     Running    1 (12m ago)   24m
kubevirt      virt-operator-79456d8689-lvhkv               1/1     Running    2 (10m ago)   25m
kubevirt      virt-operator-79456d8689-wvzqz               1/1     Running    1 (12m ago)   25m

[root@master net.d]# kubectl get pods -A
NAMESPACE     NAME                                         READY   STATUS    RESTARTS      AGE
cdi           cdi-apiserver-74dcb7f4c5-hvlsh               1/1     Running   1 (13m ago)   18m
cdi           cdi-deployment-546cdb5fcd-ttdsr              1/1     Running   2 (11m ago)   18m
cdi           cdi-operator-59c7548cfb-ncs8t                1/1     Running   1 (13m ago)   18m
cdi           cdi-uploadproxy-66448dc879-zfxvf             1/1     Running   1 (12m ago)   18m
kube-system   calico-kube-controllers-b8d8894fb-85mk5      1/1     Running   3 (12m ago)   31d
kube-system   calico-node-6snr2                            1/1     Running   5 (13m ago)   31d
kube-system   calico-node-7qhxz                            1/1     Running   3 (12m ago)   31d
kube-system   calico-node-lxhds                            1/1     Running   3 (13m ago)   31d
kube-system   calico-node-tn2wp                            1/1     Running   3 (12m ago)   31d
kube-system   coredns-7c65d6cfc9-hccp7                     1/1     Running   3 (12m ago)   31d
kube-system   coredns-7c65d6cfc9-kbfzc                     1/1     Running   3 (12m ago)   31d
kube-system   etcd-master.example.com                      1/1     Running   4 (12m ago)   31d
kube-system   kube-apiserver-master.example.com            1/1     Running   4 (12m ago)   31d
kube-system   kube-controller-manager-master.example.com   1/1     Running   4 (12m ago)   31d
kube-system   kube-multus-ds-66wx6                         1/1     Running   0             2m12s
kube-system   kube-multus-ds-7bjcb                         1/1     Running   0             2m12s
kube-system   kube-multus-ds-9hg2n                         1/1     Running   0             2m12s
kube-system   kube-multus-ds-kfwvp                         1/1     Running   0             2m12s
kube-system   kube-proxy-b6npw                             1/1     Running   5 (13m ago)   31d
kube-system   kube-proxy-fcmdt                             1/1     Running   3 (12m ago)   31d
kube-system   kube-proxy-pgrjl                             1/1     Running   3 (12m ago)   31d
kube-system   kube-proxy-tb4zn                             1/1     Running   3 (13m ago)   31d
kube-system   kube-scheduler-master.example.com            1/1     Running   4 (12m ago)   31d
kubevirt      virt-api-5f9f64fd4d-fgthw                    1/1     Running   2 (12m ago)   25m
kubevirt      virt-api-5f9f64fd4d-wgkjt                    1/1     Running   2 (12m ago)   25m
kubevirt      virt-controller-7c8d6577b6-f6v84             1/1     Running   2 (12m ago)   25m
kubevirt      virt-controller-7c8d6577b6-k4dzn             1/1     Running   2 (12m ago)   25m
kubevirt      virt-handler-4bk2q                           1/1     Running   1 (12m ago)   25m
kubevirt      virt-handler-4ztx9                           1/1     Running   1 (13m ago)   25m
kubevirt      virt-handler-qntgx                           1/1     Running   1 (13m ago)   25m
kubevirt      virt-operator-79456d8689-lvhkv               1/1     Running   2 (11m ago)   26m
kubevirt      virt-operator-79456d8689-wvzqz               1/1     Running   1 (14m ago)   26m


root@worker1's password:
Last login: Sat Nov 30 15:52:38 2024
[root@worker1 ~]# ip -br a
lo               UNKNOWN        127.0.0.1/8 ::1/128
ens160           UP             192.168.29.16/24
cali7a38f4c9842@if2 UP             fe80::ecee:eeff:feee:eeee/64
caliafb381867e1@if2 UP             fe80::ecee:eeff:feee:eeee/64
cali77b7b6fe2da@if2 UP             fe80::ecee:eeff:feee:eeee/64
tunl0@NONE       UNKNOWN        172.16.102.128/32


[root@master ~]# cat macvlan.yml
apiVersion: "k8s.cni.cncf.io/v1"
kind: NetworkAttachmentDefinition
metadata:
  name: macvlan
spec:
  config: '{
      "cniVersion": "0.3.1",
      "type": "macvlan",
      "master": "ens160",
      "mode": "bridge",
      "ipam": {
        "type": "host-local",
        "subnet": "192.168.29.0/24",
        "rangeStart": "192.168.29.100",
        "rangeEnd": "192.168.29.130",
        "routes": [
          { "dst": "0.0.0.0/0" }
        ],
        "gateway": "192.168.29.1"
      }
    }'
[root@master ~]#

[root@master ~]# cat macvlan.yml
apiVersion: "k8s.cni.cncf.io/v1"
kind: NetworkAttachmentDefinition
metadata:
  name: macvlan
spec:
  config: '{
      "cniVersion": "0.3.1",
      "type": "macvlan",
      "master": "ens160",
      "mode": "bridge",
      "ipam": {
        "type": "host-local",
        "subnet": "192.168.29.0/24",
        "rangeStart": "192.168.29.100",
        "rangeEnd": "192.168.29.130",
        "routes": [
          { "dst": "0.0.0.0/0" }
        ],
        "gateway": "192.168.29.1"
      }
    }'
[root@master ~]# cat vmmacvlan.yml
apiVersion: kubevirt.io/v1
kind: VirtualMachineInstance
metadata:
  labels:
    special: vmi-multus-multiple-net
  name: vmi-multus-multiple-net
spec:
  domain:
    devices:
      disks:
      - disk:
          bus: virtio
        name: containerdisk
      - disk:
          bus: virtio
        name: cloudinitdisk
      interfaces:
      - masquerade: {}
        name: default
      - bridge: {}
        name: macvlan
      rng: {}
    machine:
      type: ""
    resources:
      requests:
        memory: 1024M
  networks:
  - name: default
    pod: {}
  - multus:
      networkName: macvlan
    name: macvlan
  terminationGracePeriodSeconds: 0
  volumes:
  - containerDisk:
      image: kubevirt/fedora-cloud-container-disk-demo:devel
    name: containerdisk
  - cloudInitNoCloud:
      userData: |
        #!/bin/bash
        echo "fedora" |passwd fedora --stdin
        dhclient ens224
    name: cloudinitdisk
[root@master ~]#




[root@master ~]# kubectl create -f macvlan.yml
networkattachmentdefinition.k8s.cni.cncf.io/macvlan created
[root@master ~]# kubectl get net-attach-def
NAME      AGE
macvlan   16s

[root@master ~]# vi vmmacvlan.yml
[root@master ~]# kubectl create -f vmmacvlan.yml
Warning: metadata.finalizers: "foregroundDeleteVirtualMachine": prefer a domain-qualified finalizer name to avoid accidental conflicts with other finalizer writers
virtualmachineinstance.kubevirt.io/vmi-multus-multiple-net created

[root@master ~]# kubectl get vmi
NAME                      AGE     PHASE     IP             NODENAME              READY
vmi-multus-multiple-net   7m48s   Running   172.16.43.38   worker3.example.com   True
[root@master ~]# virtctl console vmi-multus-multiple-net
Successfully connected to vmi-multus-multiple-net console. The escape sequence is ^]

vmi-multus-multiple-net login: fedora
Password:
Login incorrect

vmi-multus-multiple-net login: fedora
Password:
[systemd]
Failed Units: 1
  cloud-final.service
[fedora@vmi-multus-multiple-net ~]$ sudo -i
[systemd]
Failed Units: 1
  cloud-final.service
[root@vmi-multus-multiple-net ~]# ip -br a
lo               UNKNOWN        127.0.0.1/8 ::1/128
eth0             UP             10.0.2.2/24 fe80::a88d:b2ff:fe36:c9b0/64
eth1             UP             192.168.29.101/24 2405:201:4019:ca47:7b1:fcfc:568e:6798/64 fe80::f6ff:c617:b08f:91ed/64
[root@vmi-multus-multiple-net ~]# ping 192.168.29.101
PING 192.168.29.101 (192.168.29.101) 56(84) bytes of data.
64 bytes from 192.168.29.101: icmp_seq=1 ttl=64 time=0.131 ms
64 bytes from 192.168.29.101: icmp_seq=2 ttl=64 time=0.022 ms
64 bytes from 192.168.29.101: icmp_seq=3 ttl=64 time=0.022 ms
64 bytes from 192.168.29.101: icmp_seq=4 ttl=64 time=0.021 ms

--- 192.168.29.101 ping statistics ---
4 packets transmitted, 4 received, 0% packet loss, time 3006ms
rtt min/avg/max/mdev = 0.021/0.049/0.131/0.047 ms
[root@vmi-multus-multiple-net ~]#



[root@master ~]# kubectl get pods
NAME                                          READY   STATUS    RESTARTS   AGE
virt-launcher-vmi-multus-multiple-net-r7vhg   3/3     Running   0          18m
[root@master ~]# kubectl get vmi
NAME                      AGE   PHASE     IP             NODENAME              READY
vmi-multus-multiple-net   19m   Running   172.16.43.38   worker3.example.com   True
[root@master ~]# kubectl exec -it virt-launcher-vmi-multus-multiple-net-r7vhg -- ip a
1: lo: <LOOPBACK,UP,LOWER_UP> mtu 65536 qdisc noqueue state UNKNOWN group default qlen 1000
    link/loopback 00:00:00:00:00:00 brd 00:00:00:00:00:00
    inet 127.0.0.1/8 scope host lo
       valid_lft forever preferred_lft forever
    inet6 ::1/128 scope host
       valid_lft forever preferred_lft forever
2: tunl0@NONE: <NOARP> mtu 1480 qdisc noop state DOWN group default qlen 1000
    link/ipip 0.0.0.0 brd 0.0.0.0
3: eth0@if271: <BROADCAST,MULTICAST,UP,LOWER_UP> mtu 1480 qdisc noqueue state UP group default qlen 1000
    link/ether aa:8d:b2:36:c9:b0 brd ff:ff:ff:ff:ff:ff link-netnsid 0
    inet 172.16.43.38/32 scope global eth0
       valid_lft forever preferred_lft forever
    inet6 fe80::a88d:b2ff:fe36:c9b0/64 scope link
       valid_lft forever preferred_lft forever
4: 69ce1439ca7-nic@if2: <BROADCAST,MULTICAST,UP,LOWER_UP> mtu 1500 qdisc noqueue master k6t-69ce1439ca7 state UP group default
    link/ether 72:9c:90:13:72:69 brd ff:ff:ff:ff:ff:ff link-netnsid 0
    inet6 fe80::709c:90ff:fe13:7269/64 scope link
       valid_lft forever preferred_lft forever
5: k6t-eth0: <BROADCAST,MULTICAST,UP,LOWER_UP> mtu 1480 qdisc noqueue state UP group default qlen 1000
    link/ether 02:00:00:00:00:00 brd ff:ff:ff:ff:ff:ff
    inet 10.0.2.1/24 brd 10.0.2.255 scope global k6t-eth0
       valid_lft forever preferred_lft forever
    inet6 fe80::ff:fe00:0/64 scope link
       valid_lft forever preferred_lft forever
6: tap0: <BROADCAST,MULTICAST,UP,LOWER_UP> mtu 1480 qdisc fq_codel master k6t-eth0 state UP group default qlen 1000
    link/ether e2:37:4d:3b:b2:fd brd ff:ff:ff:ff:ff:ff
    inet6 fe80::e037:4dff:fe3b:b2fd/64 scope link
       valid_lft forever preferred_lft forever
7: k6t-69ce1439ca7: <BROADCAST,MULTICAST,UP,LOWER_UP> mtu 1500 qdisc noqueue state UP group default qlen 1000
    link/ether 06:48:b3:e0:c8:c3 brd ff:ff:ff:ff:ff:ff
    inet 169.254.75.11/32 scope global k6t-69ce1439ca7
       valid_lft forever preferred_lft forever
    inet6 2405:201:4019:ca47:448:b3ff:fee0:c8c3/64 scope global dynamic mngtmpaddr
       valid_lft 7478sec preferred_lft 7478sec
    inet6 fe80::709c:90ff:fe13:7269/64 scope link
       valid_lft forever preferred_lft forever
8: tap69ce1439ca7: <BROADCAST,MULTICAST,UP,LOWER_UP> mtu 1500 qdisc fq_codel master k6t-69ce1439ca7 state UP group default qlen 1000
    link/ether 06:48:b3:e0:c8:c3 brd ff:ff:ff:ff:ff:ff
    inet6 fe80::448:b3ff:fee0:c8c3/64 scope link
       valid_lft forever preferred_lft forever
9: pod69ce1439ca7: <BROADCAST,NOARP> mtu 1500 qdisc noop state DOWN group default qlen 1000
    link/ether fe:6e:f1:67:7a:3a brd ff:ff:ff:ff:ff:ff
    inet 192.168.29.101/24 brd 192.168.29.255 scope global pod69ce1439ca7
       valid_lft forever preferred_lft forever
    inet6 2405:201:4019:ca47:fc6e:f1ff:fe67:7a3a/64 scope global
       valid_lft forever preferred_lft forever
    inet6 fe80::fc6e:f1ff:fe67:7a3a/64 scope link
       valid_lft forever preferred_lft forever
[root@master ~]#

